Resolving dependencies...
Downloading packages...
  archive 3.6.1 (4.0.9 available)
  dev_build 1.1.4 (1.1.5 available)
  fl_chart 0.64.0 (1.1.1 available)
  flutter_lints 3.0.2 (6.0.0 available)
  flutter_markdown 0.7.7+1 (discontinued replaced by flutter_markdown_plus)
  google_fonts 6.3.3 (8.0.2 available)
  hooks 1.0.1 (1.0.2 available)
  intl 0.19.0 (0.20.2 available)
  lints 3.0.0 (6.1.0 available)
  matcher 0.12.18 (0.12.19 available)
  meta 1.17.0 (1.18.1 available)
  native_toolchain_c 0.17.4 (0.17.5 available)
  petitparser 7.0.1 (7.0.2 available)
  sqflite_android 2.4.2+2 (2.4.2+3 available)
  sqlite3 3.1.6 (3.2.0 available)
  test_api 0.7.8 (0.7.10 available)
  uuid 4.5.2 (4.5.3 available)
  video_player 2.10.1 (2.11.1 available)
  video_player_android 2.9.1 (2.9.4 available)
  video_player_avfoundation 2.9.3 (2.9.4 available)
  wakelock_plus 1.4.0 (1.5.0 available)
  wakelock_plus_platform_interface 1.3.0 (1.4.0 available)
  win32 5.15.0 (6.0.0 available)
Got dependencies!
1 package is discontinued.
22 packages have newer versions incompatible with dependency constraints.
Try `flutter pub outdated` for more information.
Compiling lib\main.dart for the Web...                          
flutter : Wasm dry run 
succeeded. Consider 
building and testing 
your application with 
the `--wasm` flag. See 
docs for more info: htt
ps://docs.flutter.dev/p
latform-integration/web
/wasm
En línea: 1 Carácter: 1
+ flutter build web > 
build_output.txt 2>&1; 
cat build_output.txt | 
Sel ...
+ ~~~~~~~~~~~~~~~~~~~~~
~~~~~~~~~~~~~~~~~~~~
    + CategoryInfo     
         : NotSpecifi  
  ed: (Wasm dry run    
 su...ration/web/wa    
sm:String) [], Rem    
oteException
    + FullyQualifiedEr 
   rorId : NativeComm  
  andError
 
Use --no-wasm-dry-run 
to disable these 
warnings.
Error detected in pubspec.yaml:
No file or variants 
found for asset: .env.

Target 
web_release_bundle 
failed: Exception: 
Failed to bundle asset 
files.
#0      copyAssets (pac
kage:flutter_tools/src/
build_system/targets/as
sets.dart:61:5)
<asynchronous 
suspension>
#1      
WebReleaseBundle.build 
(package:flutter_tools/
src/build_system/target
s/web.dart:614:29)
<asynchronous 
suspension>
#2      _BuildInstance.
_invokeInternal (packag
e:flutter_tools/src/bui
ld_system/build_system.
dart:937:9)
<asynchronous 
suspension>
#3      
Future.wait.<anonymous 
closure> (dart:async/fu
ture.dart:546:21)
<asynchronous 
suspension>
#4      _BuildInstance.
invokeTarget (package:f
lutter_tools/src/build_
system/build_system.dar
t:875:32)
<asynchronous 
suspension>
#5      FlutterBuildSys
tem.build (package:flut
ter_tools/src/build_sys
tem/build_system.dart:6
84:16)
<asynchronous 
suspension>
#6      
WebBuilder.buildWeb (pa
ckage:flutter_tools/src
/web/compile.dart:101:3
4)
<asynchronous 
suspension>
#7      BuildWebCommand
.runCommand (package:fl
utter_tools/src/command
s/build_web.dart:299:5)
<asynchronous 
suspension>
#8      FlutterCommand.
run.<anonymous 
closure> (package:flutt
er_tools/src/runner/flu
tter_command.dart:1590:
27)
<asynchronous 
suspension>
#9      AppContext.run.
<anonymous closure> (pa
ckage:flutter_tools/src
/base/context.dart:154:
19)
<asynchronous 
suspension>
#10     CommandRunner.r
unCommand (package:args
/command_runner.dart:21
2:13)
<asynchronous 
suspension>
#11     FlutterCommandR
unner.runCommand.<anony
mous closure> (package:
flutter_tools/src/runne
r/flutter_command_runne
r.dart:496:9)
<asynchronous 
suspension>
#12     AppContext.run.
<anonymous closure> (pa
ckage:flutter_tools/src
/base/context.dart:154:
19)
<asynchronous 
suspension>
#13     FlutterCommandR
unner.runCommand (packa
ge:flutter_tools/src/ru
nner/flutter_command_ru
nner.dart:431:5)
<asynchronous 
suspension>
#14     FlutterCommandR
unner.run.<anonymous 
closure> (package:flutt
er_tools/src/runner/flu
tter_command_runner.dar
t:307:33)
<asynchronous 
suspension>
#15     run.<anonymous 
closure>.<anonymous 
closure> (package:flutt
er_tools/runner.dart:10
4:11)
<asynchronous 
suspension>
#16     AppContext.run.
<anonymous closure> (pa
ckage:flutter_tools/src
/base/context.dart:154:
19)
<asynchronous 
suspension>
#17     main (package:f
lutter_tools/executable
.dart:103:3)
<asynchronous 
suspension>

Compiling lib\main.dart for the Web...                             69,5s
Error: Failed to 
compile application 
for the Web.
